[Mirror Shard, -1, 0] => Mirror Shard, -1, -1 
[Mirror Shard, -1, 1] => Mirror Shard, -1, 0 
[Mirror Shard, -1, 49] => Mirror Shard, -1, 48 
[Mirror Shard, -1, 50] => Mirror Shard, -1, 49 
[Mirror Shard, 0, 0] => Mirror Shard, 0, -1 
[Mirror Shard, 0, 1] => Mirror Shard, 0, 0 
[Mirror Shard, 0, 49] => Mirror Shard, 0, 48 
[Mirror Shard, 0, 50] => Mirror Shard, 0, 49 
[Mirror Shard, 11, 0] => Mirror Shard, 9, -1 
[Mirror Shard, 11, 1] => Mirror Shard, 10, 0 
[Mirror Shard, 11, 49] => Mirror Shard, 10, 48 
[Mirror Shard, 11, 50] => Mirror Shard, 10, 49 
[Aged Signal, -1, 0] => Aged Signal, 1, -1 
[Aged Signal, -1, 1] => Aged Signal, 0, 0 
[Aged Signal, -1, 49] => Aged Signal, 0, 48 
[Aged Signal, -1, 50] => Aged Signal, 0, 49 
[Aged Signal, 0, 0] => Aged Signal, 2, -1 
[Aged Signal, 0, 1] => Aged Signal, 1, 0 
[Aged Signal, 0, 49] => Aged Signal, 1, 48 
[Aged Signal, 0, 50] => Aged Signal, 1, 49 
[Aged Signal, 11, 0] => Aged Signal, 13, -1 
[Aged Signal, 11, 1] => Aged Signal, 12, 0 
[Aged Signal, 11, 49] => Aged Signal, 12, 48 
[Aged Signal, 11, 50] => Aged Signal, 12, 49 
[Backdoor Pass to TAFKAL80ETC Protocol, -1, 0] => Backdoor Pass to TAFKAL80ETC Protocol, 0, -1 
[Backdoor Pass to TAFKAL80ETC Protocol, -1, 1] => Backdoor Pass to TAFKAL80ETC Protocol, 2, 0 
[Backdoor Pass to TAFKAL80ETC Protocol, -1, 49] => Backdoor Pass to TAFKAL80ETC Protocol, 0, 48 
[Backdoor Pass to TAFKAL80ETC Protocol, -1, 50] => Backdoor Pass to TAFKAL80ETC Protocol, 0, 49 
[Backdoor Pass to TAFKAL80ETC Protocol, 0, 0] => Backdoor Pass to TAFKAL80ETC Protocol, 0, -1 
[Backdoor Pass to TAFKAL80ETC Protocol, 0, 1] => Backdoor Pass to TAFKAL80ETC Protocol, 3, 0 
[Backdoor Pass to TAFKAL80ETC Protocol, 0, 49] => Backdoor Pass to TAFKAL80ETC Protocol, 1, 48 
[Backdoor Pass to TAFKAL80ETC Protocol, 0, 50] => Backdoor Pass to TAFKAL80ETC Protocol, 1, 49 
[Backdoor Pass to TAFKAL80ETC Protocol, 11, 0] => Backdoor Pass to TAFKAL80ETC Protocol, 0, -1 
[Backdoor Pass to TAFKAL80ETC Protocol, 11, 1] => Backdoor Pass to TAFKAL80ETC Protocol, 14, 0 
[Backdoor Pass to TAFKAL80ETC Protocol, 11, 49] => Backdoor Pass to TAFKAL80ETC Protocol, 12, 48 
[Backdoor Pass to TAFKAL80ETC Protocol, 11, 50] => Backdoor Pass to TAFKAL80ETC Protocol, 12, 49 
[Sulfuras Core Fragment, -1, 0] => Sulfuras Core Fragment, -1, 0 
[Sulfuras Core Fragment, -1, 1] => Sulfuras Core Fragment, -1, 1 
[Sulfuras Core Fragment, -1, 49] => Sulfuras Core Fragment, -1, 49 
[Sulfuras Core Fragment, -1, 50] => Sulfuras Core Fragment, -1, 50 
[Sulfuras Core Fragment, 0, 0] => Sulfuras Core Fragment, 0, 0 
[Sulfuras Core Fragment, 0, 1] => Sulfuras Core Fragment, 0, 1 
[Sulfuras Core Fragment, 0, 49] => Sulfuras Core Fragment, 0, 49 
[Sulfuras Core Fragment, 0, 50] => Sulfuras Core Fragment, 0, 50 
[Sulfuras Core Fragment, 11, 0] => Sulfuras Core Fragment, 11, 0 
[Sulfuras Core Fragment, 11, 1] => Sulfuras Core Fragment, 11, 1 
[Sulfuras Core Fragment, 11, 49] => Sulfuras Core Fragment, 11, 49 
[Sulfuras Core Fragment, 11, 50] => Sulfuras Core Fragment, 11, 50 
